<html>
<body>
<pre>
<h1>µVision Build Log</h1>
<h2>Tool Versions:</h2>
IDE-Version: ¦ÌVision V5.39.0.0
Copyright (C) 2023 ARM Ltd and ARM Germany GmbH. All rights reserved.
License Information: 1 Administrator, 1, LIC=47GU5-GS0W3-ARPXW-QCXXZ-XGR9A-7G7DD
 
Tool Versions:
Toolchain:       MDK-ARM Plus  Version: 5.39.0.0
Toolchain Path:  D:\software\Keil5\ARM\ARMCC\Bin
C Compiler:      Armcc.exe V5.06 update 6 (build 750)
Assembler:       Armasm.exe V5.06 update 6 (build 750)
Linker/Locator:  ArmLink.exe V5.06 update 6 (build 750)
Library Manager: ArmAr.exe V5.06 update 6 (build 750)
Hex Converter:   FromElf.exe V5.06 update 6 (build 750)
CPU DLL:         SARMCM3.DLL V5.39.0.0
Dialog DLL:      DCM.DLL V1.17.5.0
Target DLL:      STLink\ST-LINKIII-KEIL_SWO.dll V3.2.0.0
Dialog DLL:      TCM.DLL V1.56.4.0
 
<h2>Project:</h2>
C:\Users\Administrator\Downloads\0V7670-STM32-Demo-main - ¸±±¾ (18)\0V7670-STM32-Demo-main\project.uvprojx
Project File Date:  01/12/2026

<h2>Output:</h2>
*** Using Compiler 'V5.06 update 6 (build 750)', folder: 'D:\software\Keil5\ARM\ARMCC\Bin'
Rebuild target 'Target 1'
assembling startup_stm32f10x_md.s...
compiling core_cm3.c...
compiling stm32f10x_bkp.c...
compiling stm32f10x_dbgmcu.c...
compiling misc.c...
compiling stm32f10x_exti.c...
compiling stm32f10x_fsmc.c...
compiling system_stm32f10x.c...
compiling stm32f10x_cec.c...
compiling stm32f10x_dma.c...
compiling stm32f10x_adc.c...
compiling stm32f10x_dac.c...
compiling stm32f10x_crc.c...
compiling stm32f10x_gpio.c...
compiling stm32f10x_can.c...
compiling stm32f10x_flash.c...
compiling stm32f10x_iwdg.c...
compiling stm32f10x_i2c.c...
compiling stm32f10x_pwr.c...
compiling stm32f10x_rtc.c...
compiling stm32f10x_wwdg.c...
compiling stm32f10x_spi.c...
compiling stm32f10x_sdio.c...
compiling stm32f10x_rcc.c...
compiling delay.c...
compiling sys.c...
compiling stm32f10x_usart.c...
compiling timer.c...
compiling SCCB.c...
compiling exti.c...
compiling OV7670.c...
compiling USART.c...
compiling stm32f10x_tim.c...
compiling Key.c...
compiling LED.c...
compiling MySPI.c...
compiling diskio.c...
FATFS\integer.h(33): warning:  #1-D: last line of file ends without a newline
  #endif
FATFS\diskio.h(80): warning:  #1-D: last line of file ends without a newline
  #endif
FATFS\ff_gen_drv.h(106): warning:  #1-D: last line of file ends without a newline
  /************************ (C) COPYRIGHT STMicroelectronics *****END OF FILE****/
FATFS\diskio.c: 3 warnings, 0 errors
compiling ff_gen_drv.c...
FATFS\integer.h(33): warning:  #1-D: last line of file ends without a newline
  #endif
FATFS\diskio.h(80): warning:  #1-D: last line of file ends without a newline
  #endif
FATFS\ff_gen_drv.h(106): warning:  #1-D: last line of file ends without a newline
  /************************ (C) COPYRIGHT STMicroelectronics *****END OF FILE****/
FATFS\ff_gen_drv.c(150): warning:  #1-D: last line of file ends without a newline
  /************************ (C) COPYRIGHT STMicroelectronics *****END OF FILE****/
FATFS\ff_gen_drv.c: 4 warnings, 0 errors
compiling SDdriver.c...
.\FATFS\integer.h(33): warning:  #1-D: last line of file ends without a newline
  #endif
Hardware\SDdriver\SDdriver.c: 1 warning, 0 errors
compiling stm32f10x_it.c...
compiling user_diskio.c...
.\FATFS\integer.h(33): warning:  #1-D: last line of file ends without a newline
  #endif
.\FATFS\diskio.h(80): warning:  #1-D: last line of file ends without a newline
  #endif
.\FATFS\ff_gen_drv.h(106): warning:  #1-D: last line of file ends without a newline
  /************************ (C) COPYRIGHT STMicroelectronics *****END OF FILE****/
User\user_diskio.c: 3 warnings, 0 errors
compiling fatfs.c...
.\FATFS\integer.h(33): warning:  #1-D: last line of file ends without a newline
  #endif
.\FATFS\diskio.h(80): warning:  #1-D: last line of file ends without a newline
  #endif
.\FATFS\ff_gen_drv.h(106): warning:  #1-D: last line of file ends without a newline
  /************************ (C) COPYRIGHT STMicroelectronics *****END OF FILE****/
User\fatfs.c: 3 warnings, 0 errors
compiling main.c...
.\FATFS\integer.h(33): warning:  #1-D: last line of file ends without a newline
  #endif
.\FATFS\diskio.h(80): warning:  #1-D: last line of file ends without a newline
  #endif
User\main.c: 2 warnings, 0 errors
compiling ff.c...
FATFS\integer.h(33): warning:  #1-D: last line of file ends without a newline
  #endif
FATFS\diskio.h(80): warning:  #1-D: last line of file ends without a newline
  #endif
FATFS\ff.c: 2 warnings, 0 errors
linking...
Program Size: Code=25970 RO-data=846 RW-data=80 ZI-data=2936  
FromELF: creating hex file...
".\Objects\project.axf" - 0 Error(s), 18 Warning(s).

<h2>Software Packages used:</h2>

Package Vendor: Keil
                https://www.keil.com/pack/Keil.STM32F1xx_DFP.2.4.1.pack
                Keil::STM32F1xx_DFP@2.4.1
                STMicroelectronics STM32F1 Series Device Support, Drivers and Examples

<h2>Collection of Component include folders:</h2>
  D:/software/Keil5/Packs/Keil/STM32F1xx_DFP/2.4.1/Device/Include

<h2>Collection of Component Files used:</h2>
Build Time Elapsed:  00:00:01
</pre>
</body>
</html>
